This is pdfTeX, Version 3.141592653-2.6-1.40.25 (TeX Live 2023/Debian) (preloaded format=pdflatex 2026.3.3)  11 JUL 2026 14:05
entering extended mode
 restricted \write18 enabled.
 %&-line parsing enabled.
**Ideenpapier_v15.tex
(./Ideenpapier_v15.tex
LaTeX2e <2023-11-01> patch level 1
L3 programming layer <2024-01-22>
(/usr/share/texlive/texmf-dist/tex/latex/koma-script/scrartcl.cls
Document Class: scrartcl 2023/07/07 v3.41 KOMA-Script document class (article)
(/usr/share/texlive/texmf-dist/tex/latex/koma-script/scrkbase.sty
Package: scrkbase 2023/07/07 v3.41 KOMA-Script package (KOMA-Script-dependent b
asics and keyval usage)

(/usr/share/texlive/texmf-dist/tex/latex/koma-script/scrbase.sty
Package: scrbase 2023/07/07 v3.41 KOMA-Script package (KOMA-Script-independent 
basics and keyval usage)

(/usr/share/texlive/texmf-dist/tex/latex/koma-script/scrlfile.sty
Package: scrlfile 2023/07/07 v3.41 KOMA-Script package (file load hooks)

(/usr/share/texlive/texmf-dist/tex/latex/koma-script/scrlfile-hook.sty
Package: scrlfile-hook 2023/07/07 v3.41 KOMA-Script package (using LaTeX hooks)


(/usr/share/texlive/texmf-dist/tex/latex/koma-script/scrlogo.sty
Package: scrlogo 2023/07/07 v3.41 KOMA-Script package (logo)
)))
(/usr/share/texlive/texmf-dist/tex/latex/graphics/keyval.sty
Package: keyval 2022/05/29 v1.15 key=value parser (DPC)
\KV@toks@=\toks17
)
Applying: [2021/05/01] Usage of raw or classic option list on input line 252.
Already applied: [0000/00/00] Usage of raw or classic option list on input line
 368.
))
(/usr/share/texlive/texmf-dist/tex/latex/koma-script/tocbasic.sty
Package: tocbasic 2023/07/07 v3.41 KOMA-Script package (handling toc-files)
\scr@dte@tocline@numberwidth=\skip48
\scr@dte@tocline@numbox=\box51
)
Package tocbasic Info: omitting babel extension for `toc'
(tocbasic)             because of feature `nobabel' available
(tocbasic)             for `toc' on input line 133.
Package scrartcl Info: You've used standard option `11pt'.
(scrartcl)             This is correct!
(scrartcl)             Internally I'm using `fontsize=11pt'.
(scrartcl)             If you'd like to set the option with \KOMAoptions,
(scrartcl)             you'd have to use `fontsize=11pt' there
(scrartcl)             instead of `11pt', too.
Class scrartcl Info: You've used standard option `oneside'.
(scrartcl)           This is correct!
(scrartcl)           Internally I'm using `twoside=false'.
(scrartcl)           If you'd like to set the option with \KOMAoptions,
(scrartcl)           you'd have to use `twoside=false' there
(scrartcl)           instead of `oneside', too.
Class scrartcl Info: File `scrsize11pt.clo' used to setup font sizes on input l
ine 2441.

(/usr/share/texlive/texmf-dist/tex/latex/koma-script/scrsize11pt.clo
File: scrsize11pt.clo 2023/07/07 v3.41 KOMA-Script font size class option (11pt
)
)
(/usr/share/texlive/texmf-dist/tex/latex/koma-script/typearea.sty
Package: typearea 2023/07/07 v3.41 KOMA-Script package (type area)
\ta@bcor=\skip49
\ta@div=\count187
Package typearea Info: You've used standard option `oneside'.
(typearea)             This is correct!
(typearea)             Internally I'm using `twoside=false'.
(typearea)             If you'd like to set the option with \KOMAoptions,
(typearea)             you'd have to use `twoside=false' there
(typearea)             instead of `oneside', too.
\ta@hblk=\skip50
\ta@vblk=\skip51
\ta@temp=\skip52
\footheight=\skip53
Package typearea Info: These are the values describing the layout:
(typearea)             DIV  = 10
(typearea)             BCOR = 0.0pt
(typearea)             \paperwidth      = 597.50793pt
(typearea)              \textwidth      = 418.25555pt
(typearea)              DIV departure   = -6%
(typearea)              \evensidemargin = 17.3562pt
(typearea)              \oddsidemargin  = 17.3562pt
(typearea)             \paperheight     = 845.04694pt
(typearea)              \textheight     = 595.80026pt
(typearea)              \topmargin      = -25.16531pt
(typearea)              \headheight     = 17.0pt
(typearea)              \headsep        = 20.40001pt
(typearea)              \topskip        = 11.0pt
(typearea)              \footskip       = 47.6pt
(typearea)              \baselineskip   = 13.6pt
(typearea)              on input line 1799.
)
\c@part=\count188
\c@section=\count189
\c@subsection=\count190
\c@subsubsection=\count191
\c@paragraph=\count192
\c@subparagraph=\count193
\scr@dte@section@maxnumwidth=\skip54
Class scrartcl Info: using compatibility default `runin=bysign'
(scrartcl)           for `\section on input line 5082.
Class scrartcl Info: using compatibility default `afterindent=bysign'
(scrartcl)           for `\section on input line 5082.
\scr@dte@part@maxnumwidth=\skip55
Class scrartcl Info: using compatibility default `afterindent=false'
(scrartcl)           for `\part on input line 5090.
\scr@dte@subsection@maxnumwidth=\skip56
Class scrartcl Info: using compatibility default `runin=bysign'
(scrartcl)           for `\subsection on input line 5100.
Class scrartcl Info: using compatibility default `afterindent=bysign'
(scrartcl)           for `\subsection on input line 5100.
\scr@dte@subsubsection@maxnumwidth=\skip57
Class scrartcl Info: using compatibility default `runin=bysign'
(scrartcl)           for `\subsubsection on input line 5110.
Class scrartcl Info: using compatibility default `afterindent=bysign'
(scrartcl)           for `\subsubsection on input line 5110.
\scr@dte@paragraph@maxnumwidth=\skip58
Class scrartcl Info: using compatibility default `runin=bysign'
(scrartcl)           for `\paragraph on input line 5121.
Class scrartcl Info: using compatibility default `afterindent=bysign'
(scrartcl)           for `\paragraph on input line 5121.
\scr@dte@subparagraph@maxnumwidth=\skip59
Class scrartcl Info: using compatibility default `runin=bysign'
(scrartcl)           for `\subparagraph on input line 5131.
Class scrartcl Info: using compatibility default `afterindent=bysign'
(scrartcl)           for `\subparagraph on input line 5131.
\abovecaptionskip=\skip60
\belowcaptionskip=\skip61
\c@pti@nb@sid@b@x=\box52
Package tocbasic Info: omitting babel extension for `lof'
(tocbasic)             because of feature `nobabel' available
(tocbasic)             for `lof' on input line 6309.
\scr@dte@figure@maxnumwidth=\skip62
\c@figure=\count194
Package tocbasic Info: omitting babel extension for `lot'
(tocbasic)             because of feature `nobabel' available
(tocbasic)             for `lot' on input line 6325.
\scr@dte@table@maxnumwidth=\skip63
\c@table=\count195
Class scrartcl Info: Redefining `\numberline' on input line 6495.
\bibindent=\dimen140
)
(/usr/share/texlive/texmf-dist/tex/latex/base/inputenc.sty
Package: inputenc 2021/02/14 v1.3d Input encoding file
\inpenc@prehook=\toks18
\inpenc@posthook=\toks19
)
(/usr/share/texlive/texmf-dist/tex/latex/base/fontenc.sty
Package: fontenc 2021/04/29 v2.0v Standard LaTeX package
)
(/usr/share/texlive/texmf-dist/tex/generic/babel/babel.sty
Package: babel 2024/01/07 v24.1 The Babel package
\babel@savecnt=\count196
\U@D=\dimen141
\l@unhyphenated=\language3

(/usr/share/texlive/texmf-dist/tex/generic/babel/txtbabel.def)
\bbl@readstream=\read2
\bbl@dirlevel=\count197

(/usr/share/texlive/texmf-dist/tex/generic/babel-german/ngerman.ldf
Language: ngerman 2024/01/19 v2.14 German support for babel (post-1996 orthogra
phy)

(/usr/share/texlive/texmf-dist/tex/generic/babel-german/ngermanb.ldf
Language: ngermanb 2024/01/19 v2.14 German support for babel (post-1996 orthogr
aphy)


Package babel Warning: No hyphenation patterns were preloaded for
(babel)                the language 'German (new orthography)' into the format.

(babel)                Please, configure your TeX system to add them and
(babel)                rebuild the format. Now I will use the patterns
(babel)                preloaded for \language=0 instead on input line 48.

Package babel Info: Hyphen rules for 'ngerman' set to \l@english
(babel)             (\language0). Reported on input line 49.
Package babel Info: Making " an active character on input line 122.
)))
(/usr/share/texlive/texmf-dist/tex/generic/babel/locale/de/babel-ngerman.tex
Package babel Info: Importing font and identification data for ngerman
(babel)             from babel-de.ini. Reported on input line 11.
)
(/usr/share/texlive/texmf-dist/tex/latex/geometry/geometry.sty
Package: geometry 2020/01/02 v5.9 Page Geometry

(/usr/share/texlive/texmf-dist/tex/generic/iftex/ifvtex.sty
Package: ifvtex 2019/10/25 v1.7 ifvtex legacy package. Use iftex instead.

(/usr/share/texlive/texmf-dist/tex/generic/iftex/iftex.sty
Package: iftex 2022/02/03 v1.0f TeX engine tests
))
\Gm@cnth=\count198
\Gm@cntv=\count199
\c@Gm@tempcnt=\count266
\Gm@bindingoffset=\dimen142
\Gm@wd@mp=\dimen143
\Gm@odd@mp=\dimen144
\Gm@even@mp=\dimen145
\Gm@layoutwidth=\dimen146
\Gm@layoutheight=\dimen147
\Gm@layouthoffset=\dimen148
\Gm@layoutvoffset=\dimen149
\Gm@dimlist=\toks20
)
(/usr/share/texlive/texmf-dist/tex/latex/graphics/graphicx.sty
Package: graphicx 2021/09/16 v1.2d Enhanced LaTeX Graphics (DPC,SPQR)

(/usr/share/texlive/texmf-dist/tex/latex/graphics/graphics.sty
Package: graphics 2022/03/10 v1.4e Standard LaTeX Graphics (DPC,SPQR)

(/usr/share/texlive/texmf-dist/tex/latex/graphics/trig.sty
Package: trig 2021/08/11 v1.11 sin cos tan (DPC)
)
(/usr/share/texlive/texmf-dist/tex/latex/graphics-cfg/graphics.cfg
File: graphics.cfg 2016/06/04 v1.11 sample graphics configuration
)
Package graphics Info: Driver file: pdftex.def on input line 107.

(/usr/share/texlive/texmf-dist/tex/latex/graphics-def/pdftex.def
File: pdftex.def 2022/09/22 v1.2b Graphics/color driver for pdftex
))
\Gin@req@height=\dimen150
\Gin@req@width=\dimen151
)
(/usr/share/texlive/texmf-dist/tex/latex/booktabs/booktabs.sty
Package: booktabs 2020/01/12 v1.61803398 Publication quality tables
\heavyrulewidth=\dimen152
\lightrulewidth=\dimen153
\cmidrulewidth=\dimen154
\belowrulesep=\dimen155
\belowbottomsep=\dimen156
\aboverulesep=\dimen157
\abovetopsep=\dimen158
\cmidrulesep=\dimen159
\cmidrulekern=\dimen160
\defaultaddspace=\dimen161
\@cmidla=\count267
\@cmidlb=\count268
\@aboverulesep=\dimen162
\@belowrulesep=\dimen163
\@thisruleclass=\count269
\@lastruleclass=\count270
\@thisrulewidth=\dimen164
)
(/usr/share/texlive/texmf-dist/tex/latex/tools/tabularx.sty
Package: tabularx 2023/07/08 v2.11c `tabularx' package (DPC)

(/usr/share/texlive/texmf-dist/tex/latex/tools/array.sty
Package: array 2023/10/16 v2.5g Tabular extension package (FMi)
\col@sep=\dimen165
\ar@mcellbox=\box53
\extrarowheight=\dimen166
\NC@list=\toks21
\extratabsurround=\skip64
\backup@length=\skip65
\ar@cellbox=\box54
)
\TX@col@width=\dimen167
\TX@old@table=\dimen168
\TX@old@col=\dimen169
\TX@target=\dimen170
\TX@delta=\dimen171
\TX@cols=\count271
\TX@ftn=\toks22
)
(/usr/share/texlive/texmf-dist/tex/latex/tools/longtable.sty
Package: longtable 2023-11-01 v4.19 Multi-page Table package (DPC)
\LTleft=\skip66
\LTright=\skip67
\LTpre=\skip68
\LTpost=\skip69
\LTchunksize=\count272
\LTcapwidth=\dimen172
\LT@head=\box55
\LT@firsthead=\box56
\LT@foot=\box57
\LT@lastfoot=\box58
\LT@gbox=\box59
\LT@cols=\count273
\LT@rows=\count274
\c@LT@tables=\count275
\c@LT@chunks=\count276
\LT@p@ftn=\toks23
)
Class scrartcl Info: longtable captions redefined on input line 12.

(/usr/share/texlive/texmf-dist/tex/latex/enumitem/enumitem.sty
Package: enumitem 2019/06/20 v3.9 Customized lists
\labelindent=\skip70
\enit@outerparindent=\dimen173
\enit@toks=\toks24
\enit@inbox=\box60
\enit@count@id=\count277
\enitdp@description=\count278
)
(/usr/share/texlive/texmf-dist/tex/latex/hyperref/hyperref.sty
Package: hyperref 2024-01-20 v7.01h Hypertext links for LaTeX

(/usr/share/texlive/texmf-dist/tex/latex/kvsetkeys/kvsetkeys.sty
Package: kvsetkeys 2022-10-05 v1.19 Key value parser (HO)
)
(/usr/share/texlive/texmf-dist/tex/generic/kvdefinekeys/kvdefinekeys.sty
Package: kvdefinekeys 2019-12-19 v1.6 Define keys (HO)
)
(/usr/share/texlive/texmf-dist/tex/generic/pdfescape/pdfescape.sty
Package: pdfescape 2019/12/09 v1.15 Implements pdfTeX's escape features (HO)

(/usr/share/texlive/texmf-dist/tex/generic/ltxcmds/ltxcmds.sty
Package: ltxcmds 2023-12-04 v1.26 LaTeX kernel commands for general use (HO)
)
(/usr/share/texlive/texmf-dist/tex/generic/pdftexcmds/pdftexcmds.sty
Package: pdftexcmds 2020-06-27 v0.33 Utility functions of pdfTeX for LuaTeX (HO
)

(/usr/share/texlive/texmf-dist/tex/generic/infwarerr/infwarerr.sty
Package: infwarerr 2019/12/03 v1.5 Providing info/warning/error messages (HO)
)
Package pdftexcmds Info: \pdf@primitive is available.
Package pdftexcmds Info: \pdf@ifprimitive is available.
Package pdftexcmds Info: \pdfdraftmode found.
))
(/usr/share/texlive/texmf-dist/tex/latex/hycolor/hycolor.sty
Package: hycolor 2020-01-27 v1.10 Color options for hyperref/bookmark (HO)
)
(/usr/share/texlive/texmf-dist/tex/latex/auxhook/auxhook.sty
Package: auxhook 2019-12-17 v1.6 Hooks for auxiliary files (HO)
)
(/usr/share/texlive/texmf-dist/tex/latex/hyperref/nameref.sty
Package: nameref 2023-11-26 v2.56 Cross-referencing by name of section

(/usr/share/texlive/texmf-dist/tex/latex/refcount/refcount.sty
Package: refcount 2019/12/15 v3.6 Data extraction from label references (HO)
)
(/usr/share/texlive/texmf-dist/tex/generic/gettitlestring/gettitlestring.sty
Package: gettitlestring 2019/12/15 v1.6 Cleanup title references (HO)

(/usr/share/texlive/texmf-dist/tex/latex/kvoptions/kvoptions.sty
Package: kvoptions 2022-06-15 v3.15 Key value format for package options (HO)
))
\c@section@level=\count279
)
(/usr/share/texlive/texmf-dist/tex/latex/etoolbox/etoolbox.sty
Package: etoolbox 2020/10/05 v2.5k e-TeX tools for LaTeX (JAW)
\etb@tempcnta=\count280
)
\@linkdim=\dimen174
\Hy@linkcounter=\count281
\Hy@pagecounter=\count282

(/usr/share/texlive/texmf-dist/tex/latex/hyperref/pd1enc.def
File: pd1enc.def 2024-01-20 v7.01h Hyperref: PDFDocEncoding definition (HO)
Now handling font encoding PD1 ...
... no UTF-8 mapping file for font encoding PD1
)
(/usr/share/texlive/texmf-dist/tex/generic/intcalc/intcalc.sty
Package: intcalc 2019/12/15 v1.3 Expandable calculations with integers (HO)
)
\Hy@SavedSpaceFactor=\count283

(/usr/share/texlive/texmf-dist/tex/latex/hyperref/puenc.def
File: puenc.def 2024-01-20 v7.01h Hyperref: PDF Unicode definition (HO)
Now handling font encoding PU ...
... no UTF-8 mapping file for font encoding PU
)
Package hyperref Info: Hyper figures OFF on input line 4179.
Package hyperref Info: Link nesting OFF on input line 4184.
Package hyperref Info: Hyper index ON on input line 4187.
Package hyperref Info: Plain pages OFF on input line 4194.
Package hyperref Info: Backreferencing OFF on input line 4199.
Package hyperref Info: Implicit mode ON; LaTeX internals redefined.
Package hyperref Info: Bookmarks ON on input line 4446.
\c@Hy@tempcnt=\count284

(/usr/share/texlive/texmf-dist/tex/latex/url/url.sty
\Urlmuskip=\muskip16
Package: url 2013/09/16  ver 3.4  Verb mode for urls, etc.
)
LaTeX Info: Redefining \url on input line 4784.
\XeTeXLinkMargin=\dimen175

(/usr/share/texlive/texmf-dist/tex/generic/bitset/bitset.sty
Package: bitset 2019/12/09 v1.3 Handle bit-vector datatype (HO)

(/usr/share/texlive/texmf-dist/tex/generic/bigintcalc/bigintcalc.sty
Package: bigintcalc 2019/12/15 v1.5 Expandable calculations on big integers (HO
)
))
\Fld@menulength=\count285
\Field@Width=\dimen176
\Fld@charsize=\dimen177
Package hyperref Info: Hyper figures OFF on input line 6063.
Package hyperref Info: Link nesting OFF on input line 6068.
Package hyperref Info: Hyper index ON on input line 6071.
Package hyperref Info: backreferencing OFF on input line 6078.
Package hyperref Info: Link coloring OFF on input line 6083.
Package hyperref Info: Link coloring with OCG OFF on input line 6088.
Package hyperref Info: PDF/A mode OFF on input line 6093.

(/usr/share/texlive/texmf-dist/tex/latex/base/atbegshi-ltx.sty
Package: atbegshi-ltx 2021/01/10 v1.0c Emulation of the original atbegshi
package with kernel methods
)
\Hy@abspage=\count286
\c@Item=\count287
\c@Hfootnote=\count288
)
Package hyperref Info: Driver (autodetected): hpdftex.

(/usr/share/texlive/texmf-dist/tex/latex/hyperref/hpdftex.def
File: hpdftex.def 2024-01-20 v7.01h Hyperref driver for pdfTeX

(/usr/share/texlive/texmf-dist/tex/latex/base/atveryend-ltx.sty
Package: atveryend-ltx 2020/08/19 v1.0a Emulation of the original atveryend pac
kage
with kernel methods
)
\Fld@listcount=\count289
\c@bookmark@seq@number=\count290

(/usr/share/texlive/texmf-dist/tex/latex/rerunfilecheck/rerunfilecheck.sty
Package: rerunfilecheck 2022-07-10 v1.10 Rerun checks for auxiliary files (HO)

(/usr/share/texlive/texmf-dist/tex/generic/uniquecounter/uniquecounter.sty
Package: uniquecounter 2019/12/15 v1.4 Provide unlimited unique counter (HO)
)
Package uniquecounter Info: New unique counter `rerunfilecheck' on input line 2
85.
)
\Hy@SectionHShift=\skip71
)
(/usr/share/texlive/texmf-dist/tex/latex/csquotes/csquotes.sty
Package: csquotes 2022-09-14 v5.2n context-sensitive quotations (JAW)
\csq@reset=\count291
\csq@gtype=\count292
\csq@glevel=\count293
\csq@qlevel=\count294
\csq@maxlvl=\count295
\csq@tshold=\count296
\csq@ltx@everypar=\toks25

(/usr/share/texlive/texmf-dist/tex/latex/csquotes/csquotes.def
File: csquotes.def 2022-09-14 v5.2n csquotes generic definitions (JAW)
)
Package csquotes Info: Trying to load configuration file 'csquotes.cfg'...
Package csquotes Info: ... configuration file loaded successfully.

(/usr/share/texlive/texmf-dist/tex/latex/csquotes/csquotes.cfg
File: csquotes.cfg 
))
Package csquotes Info: Checking for multilingual support...
Package csquotes Info: ... found 'babel' package.
Package csquotes Info: Adjusting default style.
Package csquotes Info: Redefining alias 'default' -> 'ngerman'.

(/usr/share/texlive/texmf-dist/tex/latex/l3backend/l3backend-pdftex.def
File: l3backend-pdftex.def 2024-01-04 L3 backend support: PDF output (pdfTeX)
\l__color_backend_stack_int=\count297
\l__pdf_internal_box=\box61
)
(./Ideenpapier_v15.aux)
\openout1 = `Ideenpapier_v15.aux'.

LaTeX Font Info:    Checking defaults for OML/cmm/m/it on input line 25.
LaTeX Font Info:    ... okay on input line 25.
LaTeX Font Info:    Checking defaults for OMS/cmsy/m/n on input line 25.
LaTeX Font Info:    ... okay on input line 25.
LaTeX Font Info:    Checking defaults for OT1/cmr/m/n on input line 25.
LaTeX Font Info:    ... okay on input line 25.
LaTeX Font Info:    Checking defaults for T1/cmr/m/n on input line 25.
LaTeX Font Info:    ... okay on input line 25.
LaTeX Font Info:    Checking defaults for TS1/cmr/m/n on input line 25.
LaTeX Font Info:    ... okay on input line 25.
LaTeX Font Info:    Checking defaults for OMX/cmex/m/n on input line 25.
LaTeX Font Info:    ... okay on input line 25.
LaTeX Font Info:    Checking defaults for U/cmr/m/n on input line 25.
LaTeX Font Info:    ... okay on input line 25.
LaTeX Font Info:    Checking defaults for PD1/pdf/m/n on input line 25.
LaTeX Font Info:    ... okay on input line 25.
LaTeX Font Info:    Checking defaults for PU/pdf/m/n on input line 25.
LaTeX Font Info:    ... okay on input line 25.
Package scrbase Info: activating ngerman \abstractname on input line 25.
Package scrbase Info: activating ngerman \partname on input line 25.
Package scrbase Info: activating ngerman \figurename on input line 25.
Package scrbase Info: activating ngerman \tablename on input line 25.
Package scrbase Info: activating ngerman \contentsname on input line 25.
Package scrbase Info: activating ngerman \listfigurename on input line 25.
Package scrbase Info: activating ngerman \listtablename on input line 25.
Package scrbase Info: activating ngerman \refname on input line 25.
Package scrbase Info: activating ngerman \indexname on input line 25.

*geometry* driver: auto-detecting
*geometry* detected driver: pdftex
*geometry* verbose mode - [ preamble ] result:
* driver: pdftex
* paper: a4paper
* layout: <same size as paper>
* layoutoffset:(h,v)=(0.0pt,0.0pt)
* modes: 
* h-part:(L,W,R)=(71.13188pt, 455.24411pt, 71.13188pt)
* v-part:(T,H,B)=(71.13188pt, 702.78308pt, 71.13188pt)
* \paperwidth=597.50787pt
* \paperheight=845.04684pt
* \textwidth=455.24411pt
* \textheight=702.78308pt
* \oddsidemargin=-1.1381pt
* \evensidemargin=-1.1381pt
* \topmargin=-38.53812pt
* \headheight=17.0pt
* \headsep=20.40001pt
* \topskip=11.0pt
* \footskip=47.6pt
* \marginparwidth=59.7508pt
* \marginparsep=12.8401pt
* \columnsep=10.0pt
* \skip\footins=10.0pt plus 4.0pt minus 2.0pt
* \hoffset=0.0pt
* \voffset=0.0pt
* \mag=1000
* \@twocolumnfalse
* \@twosidefalse
* \@mparswitchfalse
* \@reversemarginfalse
* (1in=72.27pt=25.4mm, 1cm=28.453pt)

(/usr/share/texlive/texmf-dist/tex/context/base/mkii/supp-pdf.mkii
[Loading MPS to PDF converter (version 2006.09.02).]
\scratchcounter=\count298
\scratchdimen=\dimen178
\scratchbox=\box62
\nofMPsegments=\count299
\nofMParguments=\count300
\everyMPshowfont=\toks26
\MPscratchCnt=\count301
\MPscratchDim=\dimen179
\MPnumerator=\count302
\makeMPintoPDFobject=\count303
\everyMPtoPDFconversion=\toks27
) (/usr/share/texlive/texmf-dist/tex/latex/epstopdf-pkg/epstopdf-base.sty
Package: epstopdf-base 2020-01-24 v2.11 Base part for package epstopdf
Package epstopdf-base Info: Redefining graphics rule for `.eps' on input line 4
85.

(/usr/share/texlive/texmf-dist/tex/latex/latexconfig/epstopdf-sys.cfg
File: epstopdf-sys.cfg 2010/07/13 v1.3 Configuration of (r)epstopdf for TeX Liv
e
))
Package hyperref Info: Link coloring OFF on input line 25.

(./Ideenpapier_v15.out) (./Ideenpapier_v15.out)
\@outlinefile=\write3
\openout3 = `Ideenpapier_v15.out'.

Class scrartcl Info: loading recommended package `bookmark'.
(scrartcl)           Using `bookmark' together with `hyperref' is recommended,
(scrartcl)           because of handling of possible bookmark level gaps.
(scrartcl)           You can avoid loading `bookmark' with KOMA-Script option
(scrartcl)           `bookmarkpackage=false' before \begin{document} and
(scrartcl)           you can avoid this message adding:
(scrartcl)             \usepackage{bookmark}
(scrartcl)           before \begin{document} on input line 25.

(/usr/share/texlive/texmf-dist/tex/latex/bookmark/bookmark.sty
Package: bookmark 2023-12-10 v1.31 PDF bookmarks (HO)

(/usr/share/texlive/texmf-dist/tex/latex/bookmark/bkm-pdftex.def
File: bkm-pdftex.def 2023-12-10 v1.31 bookmark driver for pdfTeX and luaTeX (HO
)
\BKM@id=\count304
))
LaTeX Font Info:    Trying to load font information for T1+cmss on input line 2
8.

(/usr/share/texlive/texmf-dist/tex/latex/base/t1cmss.fd
File: t1cmss.fd 2023/04/13 v2.5m Standard LaTeX font definitions
)
LaTeX Font Info:    External font `cmex10' loaded for size
(Font)              <14.4> on input line 28.
LaTeX Font Info:    External font `cmex10' loaded for size
(Font)              <7> on input line 28.
 (./Ideenpapier_v15.toc
LaTeX Font Info:    External font `cmex10' loaded for size
(Font)              <10.95> on input line 4.
LaTeX Font Info:    External font `cmex10' loaded for size
(Font)              <8> on input line 4.
LaTeX Font Info:    External font `cmex10' loaded for size
(Font)              <6> on input line 4.
[1


{/var/lib/texmf/fonts/map/pdftex/updmap/pdftex.map}{/usr/share/texmf/fonts/enc/
dvips/cm-super/cm-super-t1.enc}{/usr/share/texmf/fonts/enc/dvips/cm-super/cm-su
per-ts1.enc}])
\tf@toc=\write4
\openout4 = `Ideenpapier_v15.toc'.

 [2]
Overfull \hbox (18.99106pt too wide) in paragraph at lines 56--57
\T1/cmr/m/n/10.95 Steuerelektronik-Infrastruktur in-te-gri-ert wird und den Eig
enbau-, Kalibrier- und In-te-gra-tionsaufwand
 []


Overfull \hbox (13.20586pt too wide) in paragraph at lines 58--59
\T1/cmr/m/n/10.95 sten Pi-lot-pro-duk-ts. Der se-rien-reife 19-Zoll-Netzwerkkno
ten, kom-merzielle Mehrknoten-Infrastruktur
 []


Overfull \hbox (36.19627pt too wide) in paragraph at lines 65--66
\T1/cmr/m/n/10.95 für tech-nisch ver-sierte Forschungskun-den. Es beste-ht aus 
einem fasergekop-pel-ten Diamant-Registermodul
 []

[3

]
Overfull \hbox (3.46771pt too wide) in paragraph at lines 81--82
\T1/cmr/m/n/10.95 bare Diamant-Register, lan-glebige Speicher-Qubits und wärme-
las-tarme Quan-tenkon-trolle in einem
 []


Overfull \hbox (5.157pt too wide) in paragraph at lines 90--91
\T1/cmr/m/n/10.95 Num-mer 1 sind eu-ropäis-che Forschungsin-sti-tute und Quante
nhardware-Entwickler, die spe-icherun-
 []

[4]
Underfull \hbox (badness 10000) in paragraph at lines 113--113
[]|\T1/cmr/m/n/10 Indikativer
 []


Underfull \hbox (badness 10000) in paragraph at lines 113--113
[]|\T1/cmr/m/n/10 Quantenoptik-
 []


Underfull \hbox (badness 1803) in paragraph at lines 113--113
\T1/cmr/m/n/10 und Festkörper-
 []


Overfull \hbox (49.61406pt too wide) in paragraph at lines 113--113
[]|\T1/cmr/m/n/10 implantierte/nanofabrizierte
 []


Underfull \hbox (badness 10000) in paragraph at lines 113--113
\T1/cmr/m/n/10 Dia-mantstruk-
 []


Underfull \hbox (badness 10000) in paragraph at lines 113--113
\T1/cmr/m/n/10 turen, pho-
 []


Underfull \hbox (badness 10000) in paragraph at lines 113--113
\T1/cmr/m/n/10 tonis-che Kop-
 []


Underfull \hbox (badness 10000) in paragraph at lines 113--113
\T1/cmr/m/n/10 pelele-mente,
 []


Underfull \hbox (badness 10000) in paragraph at lines 113--113
\T1/cmr/m/n/10 spezial-isierte
 []


Underfull \hbox (badness 10000) in paragraph at lines 113--113
\T1/cmr/m/n/10 MW-/RF-
 []


Overfull \hbox (13.7617pt too wide) in paragraph at lines 113--113
[]|\T1/cmr/m/n/10 Forschungsinstitute,
 []


Underfull \hbox (badness 10000) in paragraph at lines 113--113
\T1/cmr/m/n/10 Testbed-
 []


Underfull \hbox (badness 10000) in paragraph at lines 113--113
\T1/cmr/m/n/10 Betreiber,
 []


Overfull \hbox (7.37437pt too wide) in paragraph at lines 113--113
\T1/cmr/m/n/10 Quantenhardware-
 []


Underfull \hbox (badness 10000) in paragraph at lines 113--113
[]|\T1/cmr/m/n/10 fasergekoppeltes
 []


Underfull \hbox (badness 10000) in paragraph at lines 113--113
\T1/cmr/m/n/10 Reg-is-ter-mod-ul
 []


Underfull \hbox (badness 10000) in paragraph at lines 113--113
\T1/cmr/m/n/10 mit op-tis-ch-er
 []


Underfull \hbox (badness 10000) in paragraph at lines 113--113
\T1/cmr/m/n/10 Schnittstelle,
 []


Underfull \hbox (badness 10000) in paragraph at lines 113--113
\T1/cmr/m/n/10 Steuer-
 []


Overfull \hbox (6.84673pt too wide) in paragraph at lines 113--113
\T1/cmr/m/n/10 /Kalibrierroutinen
 []


Underfull \hbox (badness 10000) in paragraph at lines 113--113
\T1/cmr/m/n/10 und In-te-gra-
 []


Underfull \hbox (badness 10000) in paragraph at lines 113--113
[]|\T1/cmr/m/n/10 Testbed-
 []


Underfull \hbox (badness 10000) in paragraph at lines 113--113
\T1/cmr/m/n/10 Betreiber,
 []


Underfull \hbox (badness 10000) in paragraph at lines 113--113
\T1/cmr/m/n/10 Telekom-
 []


Overfull \hbox (12.95634pt too wide) in paragraph at lines 113--113
\T1/cmr/m/n/10 /Sicherheitskunden,
 []


Underfull \hbox (badness 10000) in paragraph at lines 113--113
\T1/cmr/m/n/10 In-fras-truk-tur-
 []


Underfull \hbox (badness 10000) in paragraph at lines 113--113
[]|\T1/cmr/m/n/10 rack-integrierter
 []


Underfull \hbox (badness 10000) in paragraph at lines 113--113
\T1/cmr/m/n/10 Knoten mit
 []


Underfull \hbox (badness 10000) in paragraph at lines 113--113
\T1/cmr/m/n/10 stan-dar-d-isierten
 []


Underfull \hbox (badness 10000) in paragraph at lines 113--113
\T1/cmr/m/n/10 Schnittstellen,
 []


Underfull \hbox (badness 10000) in paragraph at lines 113--113
\T1/cmr/m/n/10 Service- und
 []

[5]
Underfull \hbox (badness 10000) in paragraph at lines 137--137
[]|\T1/cmr/m/n/10 SnV-Quantenoptik,
 []


Underfull \hbox (badness 10000) in paragraph at lines 137--137
\T1/cmr/m/n/10 Zwei-Photonen-
 []


Underfull \hbox (badness 10000) in paragraph at lines 137--137
[]|\T1/cmr/m/n/10 betriebswirtschaftlich
 []


Underfull \hbox (badness 10000) in paragraph at lines 137--137
[]|\T1/cmr/m/n/10 Entrepreneurship, Fi-
 []


Underfull \hbox (badness 10000) in paragraph at lines 137--137
\T1/cmr/m/n/10 nance, Go-to-Market,
 []

[6]
Underfull \hbox (badness 10000) in paragraph at lines 160--160
[]|\T1/cmr/m/n/10 Kontrolle, Ma-te-ri-
 []


Underfull \hbox (badness 10000) in paragraph at lines 160--160
\T1/cmr/m/n/10 alver-ständ-nis, ko-
 []


Underfull \hbox (badness 5696) in paragraph at lines 160--160
\T1/cmr/m/n/10 härente Spin-ma-nip-u-
 []


Underfull \hbox (badness 5022) in paragraph at lines 160--160
[]|\T1/cmr/m/n/10 reduziert Risiko bei
 []


Underfull \hbox (badness 10000) in paragraph at lines 160--160
\T1/cmr/m/n/10 Ma-te-ri-alplat-tform,
 []


Underfull \hbox (badness 10000) in paragraph at lines 160--160
[]|\T1/cmr/m/n/10 Speicherprinzip
 []


Underfull \hbox (badness 10000) in paragraph at lines 160--160
\T1/cmr/m/n/10 und wärme-las-tarme
 []


Underfull \hbox (badness 5022) in paragraph at lines 160--160
[]|\T1/cmr/m/n/10 reduziert Risiko bei
 []


Underfull \hbox (badness 3118) in paragraph at lines 160--160
\T1/cmr/m/n/10 Quan-ten-spe-ich-er und
 []


Underfull \hbox (badness 10000) in paragraph at lines 160--160
[]|\T1/cmr/m/n/10 elektrische Ab-
 []


Underfull \hbox (badness 10000) in paragraph at lines 160--160
\T1/cmr/m/n/10 stim-mung ohne
 []


Underfull \hbox (badness 10000) in paragraph at lines 160--160
\T1/cmr/m/n/10 beobachtete Lin-ien-
 []


Underfull \hbox (badness 10000) in paragraph at lines 160--160
\T1/cmr/m/n/10 turi-erte, fasergekop-
 []


Underfull \hbox (badness 5696) in paragraph at lines 160--160
\T1/cmr/m/n/10 pelte Mod-u-lar-chitek-
 []


Underfull \hbox (badness 5022) in paragraph at lines 160--160
[]|\T1/cmr/m/n/10 reduziert Risiko bei
 []


Underfull \hbox (badness 10000) in paragraph at lines 160--160
\T1/cmr/m/n/10 Mul-ti-plex-ing und
 []


Overfull \hbox (49.83902pt too wide) in paragraph at lines 165--166
\T1/cmr/m/n/10.95 baren Sys-tem-inte-gra-tion eines spe-icherun-ter-stützten, f
asergekop-pel-ten Festkörper-Quantennetzwerkknotens
 []


Overfull \hbox (2.21738pt too wide) in paragraph at lines 167--168
\T1/cmr/m/n/10.95 schnelle spek-trale Rekon-fig-u-ra-tion, faser-gekoppelten op
-tis-chen Zu-gang, wärme-las-tarme MW/RF-
 []


Underfull \hbox (badness 10000) in paragraph at lines 182--182
[]|\T1/cmr/m/n/10 Niedriger Debye-Waller-Faktor, geringe Pho-to-ne-nun-ter-sche
i-d-barkeit,
 []

[7]
Overfull \hbox (7.39453pt too wide) in paragraph at lines 192--193
\T1/cmr/m/n/10.95 Va-li-dierung in einem Sys-te-m-ex-per-i-ment. Das Mod-ul ver
e-int einen nanos-truk-turi-erten Dia-mantchip,
 []


Overfull \hbox (29.4522pt too wide) in paragraph at lines 192--193
\T1/cmr/m/n/10.95 op-tis-chen Faserzu-gang, lokale Stark-Elektroden, MW/RF-Steu
erstrukturen, kryo-gene PCB-Verpackung
 []

[8]
Overfull \hbox (22.45975pt too wide) in paragraph at lines 214--215
\T1/cmr/m/n/10.95 Unsere Beachhead-These konzen-tri-ert sich auf eu-ropäis-che 
Forschungsin-sti-tute und Quantenhardware-
 []


Underfull \hbox (badness 10000) in paragraph at lines 229--229
[]|\T1/cmr/m/n/10 passende Kryo-/Optik-Infrastruktur,
 []


Underfull \hbox (badness 2735) in paragraph at lines 229--229
\T1/cmr/m/n/10 ak-tiv-er Netzwerk-Use-Case, Budget-
 []


Underfull \hbox (badness 4217) in paragraph at lines 229--229
[]|\T1/cmr/m/n/10 Interviews, tech-nis-che Spez-i-fika-tion,
 []


Underfull \hbox (badness 10000) in paragraph at lines 229--229
[]|\T1/cmr/m/n/10 Anforderungen va-li-dieren, Beschaf-
 []


Underfull \hbox (badness 3690) in paragraph at lines 229--229
\T1/cmr/m/n/10 fungsp-fad ver-ste-hen, spätere Pi-lot-
 []


Underfull \hbox (badness 1389) in paragraph at lines 229--229
[]|\T1/cmr/m/n/10 langfristig strate-gisch rel-e-vant, aber
 []


Underfull \hbox (badness 10000) in paragraph at lines 229--229
[]|\T1/cmr/m/n/10 Roadmap-Feedback, Ref-erenz für
 []

[9]
Underfull \hbox (badness 10000) in paragraph at lines 247--247
\T1/cmr/m/n/10 Pi-lot-mod-ul spez-i-fiziert
 []


Underfull \hbox (badness 1810) in paragraph at lines 247--247
\T1/cmr/m/n/10 für spe-icherun-ter-stützte
 []


Overfull \hbox (15.64668pt too wide) in paragraph at lines 247--247
[]|\T1/cmr/m/n/10 Speicherunterstützung|  
 []


Overfull \hbox (7.0099pt too wide) in paragraph at lines 247--247
[]|\T1/cmr/m/n/10 Integrationsaufwand|  
 []


Underfull \hbox (badness 6493) in paragraph at lines 247--247
[]|\T1/cmr/m/n/10 mittel, mit definiert-er
 []


Underfull \hbox (badness 4060) in paragraph at lines 247--247
\T1/cmr/m/n/10 Schnittstelle und Sup-
 []


Underfull \hbox (badness 10000) in paragraph at lines 247--247
[]|\T1/cmr/m/n/10 niedrig für Standard-
 []


Underfull \hbox (badness 4872) in paragraph at lines 247--247
\T1/cmr/m/n/10 QKD, aber funk-tion-al
 []


Overfull \hbox (4.20123pt too wide) in paragraph at lines 252--253
\T1/cmr/m/n/10.95 Unser Mark-tein-tritt set-zt auf Glaub-würdigkeit, En-twick-l
ungspart-ner-schaften und Leucht-turmkun-
 []


Underfull \hbox (badness 10000) in paragraph at lines 266--266
[]|\T1/cmr/m/n/10 Marktevaluation und
 []


Underfull \hbox (badness 10000) in paragraph at lines 266--266
[]|\T1/cmr/m/n/10 White Pa-per, Produkt-
 []


Underfull \hbox (badness 10000) in paragraph at lines 266--266
\T1/cmr/m/n/10 Roadmap, 10 bis 20
 []


Underfull \hbox (badness 10000) in paragraph at lines 266--266
[]|\T1/cmr/m/n/10 Anforderungen schär-fen
 []


Underfull \hbox (badness 10000) in paragraph at lines 266--266
[]|\T1/cmr/m/n/10 Evaluierung der Kun-
 []


Underfull \hbox (badness 10000) in paragraph at lines 266--266
\T1/cmr/m/n/10 den-spez-i-fika-tio-nen und
 []


Underfull \hbox (badness 10000) in paragraph at lines 266--266
[]|\T1/cmr/m/n/10 Businessplan fi-nal-isieren
 []

[10]
Underfull \hbox (badness 5696) in paragraph at lines 286--286
[]|\T1/cmr/m/n/10 Diamantchips, pho-tonis-che Kop-
 []


Underfull \hbox (badness 10000) in paragraph at lines 286--286
[]|\T1/cmr/m/n/10 Register-/Schnittstellenmodul für
 []


Underfull \hbox (badness 1629) in paragraph at lines 286--286
[]|\T1/cmr/m/n/10 Upside-Szenario, nicht Grund-lage
 []


Overfull \hbox (13.77534pt too wide) in paragraph at lines 291--292
\T1/cmr/m/n/10.95 Vorab ist zwis-chen zwei Ebe-nen zu un-ter-schei-den. Die EXI
ST-Förderphase fi-nanziert die Forschungs-
 []

[11]
Overfull \hbox (12.98273pt too wide) in paragraph at lines 314--315
\T1/cmr/m/n/10.95 und Spin-Photon-Schnittstelle, Dr. Ioan-nis Kara-p-atza-kis M
ikrowellen-/RF-, Kryo- und Engineering-
 []

[12] (./Ideenpapier_v15.aux)
 ***********
LaTeX2e <2023-11-01> patch level 1
L3 programming layer <2024-01-22>
 ***********
Package rerunfilecheck Info: File `Ideenpapier_v15.out' has not changed.
(rerunfilecheck)             Checksum: D41D8CD98F00B204E9800998ECF8427E;0.
 ) 
Here is how much of TeX's memory you used:
 14639 strings out of 476188
 257035 string characters out of 5795860
 1940975 words of memory out of 5000000
 36416 multiletter control sequences out of 15000+600000
 568562 words of font info for 58 fonts, out of 8000000 for 9000
 14 hyphenation exceptions out of 8191
 108i,10n,107p,10910b,712s stack positions out of 10000i,1000n,20000p,200000b,200000s
</usr/share/texmf/fonts/type1/public/cm-super/sfrm1000.pfb></usr/share/texmf/
fonts/type1/public/cm-super/sfrm1095.pfb></usr/share/texmf/fonts/type1/public/c
m-super/sfrm1440.pfb></usr/share/texmf/fonts/type1/public/cm-super/sfsx1095.pfb
></usr/share/texmf/fonts/type1/public/cm-super/sfsx1200.pfb></usr/share/texmf/f
onts/type1/public/cm-super/sfsx1440.pfb></usr/share/texmf/fonts/type1/public/cm
-super/sfsx2074.pfb>
Output written on Ideenpapier_v15.pdf (12 pages, 189018 bytes).
PDF statistics:
 253 PDF objects out of 1000 (max. 8388607)
 220 compressed objects within 3 object streams
 57 named destinations out of 1000 (max. 500000)
 185 words of extra memory for PDF output out of 10000 (max. 10000000)

